.headers.pop(\"Server\", None)\n    ^^^^^^^^^^^^^^^^^^^^\nAttributeError: 'MutableHeaders' object has no attribute 'pop'"}
ERROR:    Exception in ASGI application
  + Exception Group Traceback (most recent call last):
  |   File "C:\Users\ravin\AppData\Local\Programs\Python\Python311\Lib\site-packages\starlette\_utils.py", line 76, in collapse_excgroups
  |     yield
  |   File "C:\Users\ravin\AppData\Local\Programs\Python\Python311\Lib\site-packages\starlette\middleware\base.py", line 186, in __call__
  |     async with anyio.create_task_group() as task_group:
  |   File "C:\Users\ravin\AppData\Local\Programs\Python\Python311\Lib\site-packages\anyio\_backends\_asyncio.py", line 783, in __aexit__
  |     raise BaseExceptionGroup(
  | ExceptionGroup: unhandled errors in a TaskGroup (1 sub-exception)
  +-+---------------- 1 ----------------
    | Traceback (most recent call last):
    |   File "C:\Users\ravin\AppData\Local\Programs\Python\Python311\Lib\site-packages\uvicorn\protocols\http\httptools_impl.py", line 409, in run_asgi
    |   File "C:\Users\ravin\AppData\Local\Programs\Python\Python311\Lib\site-packages\uvicorn\middleware\proxy_headers.py", line 60, in __call__
    |   File "C:\Users\ravin\AppData\Local\Programs\Python\Python311\Lib\site-packages\fastapi\applications.py", line 1054, in __call__
    |     await super().__call__(scope, receive, send)
    |   File "C:\Users\ravin\AppData\Local\Programs\Python\Python311\Lib\site-packages\starlette\applications.py", line 113, in __call__
    |     await self.middleware_stack(scope, receive, send)
    |   File "C:\Users\ravin\AppData\Local\Programs\Python\Python311\Lib\site-packages\starlette\middleware\errors.py", line 187, in __call__
    |     raise exc
    |   File "C:\Users\ravin\AppData\Local\Programs\Python\Python311\Lib\site-packages\starlette\middleware\errors.py", line 165, in __call__
    |     await self.app(scope, receive, _send)
    |   File "C:\Users\ravin\AppData\Local\Programs\Python\Python311\Lib\site-packages\starlette\middleware\cors.py", line 85, in __call__
    |     await self.app(scope, receive, send)
    |   File "C:\Users\ravin\AppData\Local\Programs\Python\Python311\Lib\site-packages\starlette\middleware\base.py", line 185, in __call__
    |     with collapse_excgroups():
    |   File "C:\Users\ravin\AppData\Local\Programs\Python\Python311\Lib\contextlib.py", line 158, in __exit__
    |     self.gen.throw(typ, value, traceback)
    |   File "C:\Users\ravin\AppData\Local\Programs\Python\Python311\Lib\site-packages\starlette\_utils.py", line 82, in collapse_excgroups
    |     raise exc
    |   File "C:\Users\ravin\AppData\Local\Programs\Python\Python311\Lib\site-packages\starlette\middleware\base.py", line 187, in __call__
    |     response = await self.dispatch_func(request, call_next)
    |                ^^^^^^^^^^^^^^^^^^^^^^^^^^^^^^^^^^^^^^^^^^^^
    |   File "D:\ravishori\OzHealth-AI\backend\app\middleware\logging_middleware.py", line 36, in dispatch
    |     response = await call_next(request)
    |                ^^^^^^^^^^^^^^^^^^^^^^^^
    |   File "C:\Users\ravin\AppData\Local\Programs\Python\Python311\Lib\site-packages\starlette\middleware\base.py", line 163, in call_next
    |     raise app_exc
    |   File "C:\Users\ravin\AppData\Local\Programs\Python\Python311\Lib\site-packages\starlette\middleware\base.py", line 149, in coro
    |     await self.app(scope, receive_or_disconnect, send_no_error)
    |   File "C:\Users\ravin\AppData\Local\Programs\Python\Python311\Lib\site-packages\starlette\middleware\base.py", line 185, in __call__
    |     with collapse_excgroups():
    |   File "C:\Users\ravin\AppData\Local\Programs\Python\Python311\Lib\contextlib.py", line 158, in __exit__
    |     self.gen.throw(typ, value, traceback)
    |   File "C:\Users\ravin\AppData\Local\Programs\Python\Python311\Lib\site-packages\starlette\_utils.py", line 82, in collapse_excgroups
    |     raise exc
    |   File "C:\Users\ravin\AppData\Local\Programs\Python\Python311\Lib\site-packages\starlette\middleware\base.py", line 187, in __call__
    |     response = await self.dispatch_func(request, call_next)
    |                ^^^^^^^^^^^^^^^^^^^^^^^^^^^^^^^^^^^^^^^^^^^^
    |   File "D:\ravishori\OzHealth-AI\backend\app\middleware\security_middleware.py", line 37, in dispatch
    |     response.headers.pop("Server", None)
    |     ^^^^^^^^^^^^^^^^^^^^
    | AttributeError: 'MutableHeaders' object has no attribute 'pop'
    +------------------------------------

During handling of the above exception, another exception occurred:

Traceback (most recent call last):
  File "C:\Users\ravin\AppData\Local\Programs\Python\Python311\Lib\site-packages\uvicorn\protocols\http\httptools_impl.py", line 409, in run_asgi
  File "C:\Users\ravin\AppData\Local\Programs\Python\Python311\Lib\site-packages\uvicorn\middleware\proxy_headers.py", line 60, in __call__
  File "C:\Users\ravin\AppData\Local\Programs\Python\Python311\Lib\site-packages\fastapi\applications.py", line 1054, in __call__
    await super().__call__(scope, receive, send)
  File "C:\Users\ravin\AppData\Local\Programs\Python\Python311\Lib\site-packages\starlette\applications.py", line 113, in __call__
    await self.middleware_stack(scope, receive, send)
  File "C:\Users\ravin\AppData\Local\Programs\Python\Python311\Lib\site-packages\starlette\middleware\errors.py", line 187, in __call__
    raise exc
  File "C:\Users\ravin\AppData\Local\Programs\Python\Python311\Lib\site-packages\starlette\middleware\errors.py", line 165, in __call__
    await self.app(scope, receive, _send)
  File "C:\Users\ravin\AppData\Local\Programs\Python\Python311\Lib\site-packages\starlette\middleware\cors.py", line 85, in __call__
    await self.app(scope, receive, send)
  File "C:\Users\ravin\AppData\Local\Programs\Python\Python311\Lib\site-packages\starlette\middleware\base.py", line 185, in __call__
    with collapse_excgroups():
  File "C:\Users\ravin\AppData\Local\Programs\Python\Python311\Lib\contextlib.py", line 158, in __exit__
    self.gen.throw(typ, value, traceback)
  File "C:\Users\ravin\AppData\Local\Programs\Python\Python311\Lib\site-packages\starlette\_utils.py", line 82, in collapse_excgroups
    raise exc
  File "C:\Users\ravin\AppData\Local\Programs\Python\Python311\Lib\site-packages\starlette\middleware\base.py", line 187, in __call__
    response = await self.dispatch_func(request, call_next)
               ^^^^^^^^^^^^^^^^^^^^^^^^^^^^^^^^^^^^^^^^^^^^
  File "D:\ravishori\OzHealth-AI\backend\app\middleware\logging_middleware.py", line 36, in dispatch
    response = await call_next(request)
               ^^^^^^^^^^^^^^^^^^^^^^^^
  File "C:\Users\ravin\AppData\Local\Programs\Python\Python311\Lib\site-packages\starlette\middleware\base.py", line 163, in call_next
    raise app_exc
  File "C:\Users\ravin\AppData\Local\Programs\Python\Python311\Lib\site-packages\starlette\middleware\base.py", line 149, in coro
    await self.app(scope, receive_or_disconnect, send_no_error)
  File "C:\Users\ravin\AppData\Local\Programs\Python\Python311\Lib\site-packages\starlette\middleware\base.py", line 185, in __call__
    with collapse_excgroups():
  File "C:\Users\ravin\AppData\Local\Programs\Python\Python311\Lib\contextlib.py", line 158, in __exit__
    self.gen.throw(typ, value, traceback)
  File "C:\Users\ravin\AppData\Local\Programs\Python\Python311\Lib\site-packages\starlette\_utils.py", line 82, in collapse_excgroups
    raise exc
  File "C:\Users\ravin\AppData\Local\Programs\Python\Python311\Lib\site-packages\starlette\middleware\base.py", line 187, in __call__
    response = await self.dispatch_func(request, call_next)
               ^^^^^^^^^^^^^^^^^^^^^^^^^^^^^^^^^^^^^^^^^^^^
  File "D:\ravishori\OzHealth-AI\backend\app\middleware\security_middleware.py", line 37, in dispatch
    response.headers.pop("Server", None)
    ^^^^^^^^^^^^^^^^^^^^
AttributeError: 'MutableHeaders' object has no attribute 'pop'
