{"asctime": "2026-03-23 13:39:39,360", "level": "DEBUG", "logger": "tzlocal", "message": "Looking up time zone info from registry"}
{"asctime": "2026-03-23 13:39:39,363", "level": "INFO", "logger": "app.services.reminder_worker", "message": "[ReminderWorker] APScheduler started (5-min reminders + 08:00 refill alerts)"}
{"asctime": "2026-03-23 13:39:39,364", "level": "WARNING", "logger": "app.services.notification_service", "message": "FIREBASE_CREDENTIALS_PATH not set \u2014 push notifications disabled."}
{"asctime": "2026-03-23 13:39:39,364", "level": "WARNING", "logger": "app.services.notification_service", "message": "ENCRYPTION_KEY not set \u2014 using derived key. Set ENCRYPTION_KEY in .env for production security."}
{"asctime": "2026-03-23 13:39:39,401", "level": "INFO", "logger": "app.services.cache_service", "message": "Redis connected: redis://localhost:6379/0"}
{"asctime": "2026-03-23 13:39:39,445", "level": "INFO", "logger": "main", "message": "VitaPulse AI v1.0.0 started"}
{"asctime": "2026-03-23 13:39:39,445", "level": "INFO", "logger": "main", "message": "API docs: http://localhost:8000/docs"}
{"asctime": "2026-03-23 13:40:06,936", "level": "INFO", "logger": "app.services.reminder_worker", "message": "[ReminderWorker] Scheduler stopped."}
{"asctime": "2026-03-23 13:40:06,937", "level": "INFO", "logger": "main", "message": "VitaPulse AI shut down"}
{"asctime": "2026-03-23 13:40:08,888", "level": "DEBUG", "logger": "tzlocal", "message": "Looking up time zone info from registry"}
{"asctime": "2026-03-23 13:40:08,892", "level": "INFO", "logger": "app.services.reminder_worker", "message": "[ReminderWorker] APScheduler started (5-min reminders + 08:00 refill alerts)"}
{"asctime": "2026-03-23 13:40:08,892", "level": "WARNING", "logger": "app.services.notification_service", "message": "FIREBASE_CREDENTIALS_PATH not set \u2014 push notifications disabled."}
{"asctime": "2026-03-23 13:40:08,892", "level": "WARNING", "logger": "app.services.notification_service", "message": "ENCRYPTION_KEY not set \u2014 using derived key. Set ENCRYPTION_KEY in .env for production security."}
{"asctime": "2026-03-23 13:40:08,929", "level": "INFO", "logger": "app.services.cache_service", "message": "Redis connected: redis://localhost:6379/0"}
{"asctime": "2026-03-23 13:40:08,930", "level": "INFO", "logger": "main", "message": "VitaPulse AI v1.0.0 started"}
{"asctime": "2026-03-23 13:40:08,930", "level": "INFO", "logger": "main", "message": "API docs: http://localhost:8000/docs"}
{"asctime": "2026-03-23 13:40:39,840", "level": "INFO", "logger": "app.services.reminder_worker", "message": "[ReminderWorker] Scheduler stopped."}
{"asctime": "2026-03-23 13:40:39,840", "level": "INFO", "logger": "main", "message": "VitaPulse AI shut down"}
{"asctime": "2026-03-23 13:40:41,985", "level": "DEBUG", "logger": "tzlocal", "message": "Looking up time zone info from registry"}
{"asctime": "2026-03-23 13:40:41,989", "level": "INFO", "logger": "app.services.reminder_worker", "message": "[ReminderWorker] APScheduler started (5-min reminders + 08:00 refill alerts)"}
{"asctime": "2026-03-23 13:40:41,990", "level": "WARNING", "logger": "app.services.notification_service", "message": "FIREBASE_CREDENTIALS_PATH not set \u2014 push notifications disabled."}
{"asctime": "2026-03-23 13:40:41,990", "level": "WARNING", "logger": "app.services.notification_service", "message": "ENCRYPTION_KEY not set \u2014 using derived key. Set ENCRYPTION_KEY in .env for production security."}
{"asctime": "2026-03-23 13:40:42,032", "level": "INFO", "logger": "app.services.cache_service", "message": "Redis connected: redis://localhost:6379/0"}
{"asctime": "2026-03-23 13:40:42,032", "level": "INFO", "logger": "main", "message": "VitaPulse AI v1.0.0 started"}
{"asctime": "2026-03-23 13:40:42,032", "level": "INFO", "logger": "main", "message": "API docs: http://localhost:8000/docs"}
{"asctime": "2026-03-23 13:40:42,141", "level": "INFO", "logger": "app.services.reminder_worker", "message": "[ReminderWorker] Scheduler stopped."}
{"asctime": "2026-03-23 13:40:42,141", "level": "INFO", "logger": "main", "message": "VitaPulse AI shut down"}
{"asctime": "2026-03-23 13:40:43,996", "level": "DEBUG", "logger": "tzlocal", "message": "Looking up time zone info from registry"}
{"asctime": "2026-03-23 13:40:44,000", "level": "INFO", "logger": "app.services.reminder_worker", "message": "[ReminderWorker] APScheduler started (5-min reminders + 08:00 refill alerts)"}
{"asctime": "2026-03-23 13:40:44,001", "level": "WARNING", "logger": "app.services.notification_service", "message": "FIREBASE_CREDENTIALS_PATH not set \u2014 push notifications disabled."}
{"asctime": "2026-03-23 13:40:44,001", "level": "WARNING", "logger": "app.services.notification_service", "message": "ENCRYPTION_KEY not set \u2014 using derived key. Set ENCRYPTION_KEY in .env for production security."}
{"asctime": "2026-03-23 13:40:44,041", "level": "INFO", "logger": "app.services.cache_service", "message": "Redis connected: redis://localhost:6379/0"}
{"asctime": "2026-03-23 13:40:44,041", "level": "INFO", "logger": "main", "message": "VitaPulse AI v1.0.0 started"}
{"asctime": "2026-03-23 13:40:44,042", "level": "INFO", "logger": "main", "message": "API docs: http://localhost:8000/docs"}
{"asctime": "2026-03-23 13:40:44,147", "level": "INFO", "logger": "app.services.reminder_worker", "message": "[ReminderWorker] Scheduler stopped."}
{"asctime": "2026-03-23 13:40:44,147", "level": "INFO", "logger": "main", "message": "VitaPulse AI shut down"}
{"asctime": "2026-03-23 13:40:46,006", "level": "DEBUG", "logger": "tzlocal", "message": "Looking up time zone info from registry"}
{"asctime": "2026-03-23 13:40:46,009", "level": "INFO", "logger": "app.services.reminder_worker", "message": "[ReminderWorker] APScheduler started (5-min reminders + 08:00 refill alerts)"}
{"asctime": "2026-03-23 13:40:46,009", "level": "WARNING", "logger": "app.services.notification_service", "message": "FIREBASE_CREDENTIALS_PATH not set \u2014 push notifications disabled."}
{"asctime": "2026-03-23 13:40:46,011", "level": "WARNING", "logger": "app.services.notification_service", "message": "ENCRYPTION_KEY not set \u2014 using derived key. Set ENCRYPTION_KEY in .env for production security."}
{"asctime": "2026-03-23 13:40:46,057", "level": "INFO", "logger": "app.services.cache_service", "message": "Redis connected: redis://localhost:6379/0"}
{"asctime": "2026-03-23 13:40:46,058", "level": "INFO", "logger": "main", "message": "VitaPulse AI v1.0.0 started"}
{"asctime": "2026-03-23 13:40:46,058", "level": "INFO", "logger": "main", "message": "API docs: http://localhost:8000/docs"}
{"asctime": "2026-03-23 13:40:46,162", "level": "INFO", "logger": "app.services.reminder_worker", "message": "[ReminderWorker] Scheduler stopped."}
{"asctime": "2026-03-23 13:40:46,162", "level": "INFO", "logger": "main", "message": "VitaPulse AI shut down"}
{"asctime": "2026-03-23 13:40:48,083", "level": "DEBUG", "logger": "tzlocal", "message": "Looking up time zone info from registry"}
{"asctime": "2026-03-23 13:40:48,087", "level": "INFO", "logger": "app.services.reminder_worker", "message": "[ReminderWorker] APScheduler started (5-min reminders + 08:00 refill alerts)"}
{"asctime": "2026-03-23 13:40:48,089", "level": "WARNING", "logger": "app.services.notification_service", "message": "FIREBASE_CREDENTIALS_PATH not set \u2014 push notifications disabled."}
{"asctime": "2026-03-23 13:40:48,089", "level": "WARNING", "logger": "app.services.notification_service", "message": "ENCRYPTION_KEY not set \u2014 using derived key. Set ENCRYPTION_KEY in .env for production security."}
{"asctime": "2026-03-23 13:40:48,151", "level": "INFO", "logger": "app.services.cache_service", "message": "Redis connected: redis://localhost:6379/0"}
{"asctime": "2026-03-23 13:40:48,151", "level": "INFO", "logger": "main", "message": "VitaPulse AI v1.0.0 started"}
{"asctime": "2026-03-23 13:40:48,152", "level": "INFO", "logger": "main", "message": "API docs: http://localhost:8000/docs"}
{"asctime": "2026-03-23 13:40:48,260", "level": "INFO", "logger": "app.services.reminder_worker", "message": "[ReminderWorker] Scheduler stopped."}
{"asctime": "2026-03-23 13:40:48,261", "level": "INFO", "logger": "main", "message": "VitaPulse AI shut down"}
{"asctime": "2026-03-23 13:40:50,170", "level": "DEBUG", "logger": "tzlocal", "message": "Looking up time zone info from registry"}
{"asctime": "2026-03-23 13:40:50,174", "level": "INFO", "logger": "app.services.reminder_worker", "message": "[ReminderWorker] APScheduler started (5-min reminders + 08:00 refill alerts)"}
{"asctime": "2026-03-23 13:40:50,175", "level": "WARNING", "logger": "app.services.notification_service", "message": "FIREBASE_CREDENTIALS_PATH not set \u2014 push notifications disabled."}
{"asctime": "2026-03-23 13:40:50,175", "level": "WARNING", "logger": "app.services.notification_service", "message": "ENCRYPTION_KEY not set \u2014 using derived key. Set ENCRYPTION_KEY in .env for production security."}
{"asctime": "2026-03-23 13:40:50,212", "level": "INFO", "logger": "app.services.cache_service", "message": "Redis connected: redis://localhost:6379/0"}
{"asctime": "2026-03-23 13:40:50,213", "level": "INFO", "logger": "main", "message": "VitaPulse AI v1.0.0 started"}
{"asctime": "2026-03-23 13:40:50,213", "level": "INFO", "logger": "main", "message": "API docs: http://localhost:8000/docs"}
{"asctime": "2026-03-23 13:40:50,328", "level": "INFO", "logger": "app.services.reminder_worker", "message": "[ReminderWorker] Scheduler stopped."}
{"asctime": "2026-03-23 13:40:50,330", "level": "INFO", "logger": "main", "message": "VitaPulse AI shut down"}
{"asctime": "2026-03-23 13:40:52,084", "level": "DEBUG", "logger": "tzlocal", "message": "Looking up time zone info from registry"}
{"asctime": "2026-03-23 13:40:52,088", "level": "INFO", "logger": "app.services.reminder_worker", "message": "[ReminderWorker] APScheduler started (5-min reminders + 08:00 refill alerts)"}
{"asctime": "2026-03-23 13:40:52,088", "level": "WARNING", "logger": "app.services.notification_service", "message": "FIREBASE_CREDENTIALS_PATH not set \u2014 push notifications disabled."}
{"asctime": "2026-03-23 13:40:52,088", "level": "WARNING", "logger": "app.services.notification_service", "message": "ENCRYPTION_KEY not set \u2014 using derived key. Set ENCRYPTION_KEY in .env for production security."}
{"asctime": "2026-03-23 13:40:52,129", "level": "INFO", "logger": "app.services.cache_service", "message": "Redis connected: redis://localhost:6379/0"}
{"asctime": "2026-03-23 13:40:52,129", "level": "INFO", "logger": "main", "message": "VitaPulse AI v1.0.0 started"}
{"asctime": "2026-03-23 13:40:52,130", "level": "INFO", "logger": "main", "message": "API docs: http://localhost:8000/docs"}
{"asctime": "2026-03-23 13:40:53,331", "level": "INFO", "logger": "app.services.reminder_worker", "message": "[ReminderWorker] Scheduler stopped."}
{"asctime": "2026-03-23 13:40:53,332", "level": "INFO", "logger": "main", "message": "VitaPulse AI shut down"}
{"asctime": "2026-03-23 13:40:55,201", "level": "DEBUG", "logger": "tzlocal", "message": "Looking up time zone info from registry"}
{"asctime": "2026-03-23 13:40:55,205", "level": "INFO", "logger": "app.services.reminder_worker", "message": "[ReminderWorker] APScheduler started (5-min reminders + 08:00 refill alerts)"}
{"asctime": "2026-03-23 13:40:55,206", "level": "WARNING", "logger": "app.services.notification_service", "message": "FIREBASE_CREDENTIALS_PATH not set \u2014 push notifications disabled."}
{"asctime": "2026-03-23 13:40:55,206", "level": "WARNING", "logger": "app.services.notification_service", "message": "ENCRYPTION_KEY not set \u2014 using derived key. Set ENCRYPTION_KEY in .env for production security."}
{"asctime": "2026-03-23 13:40:55,249", "level": "INFO", "logger": "app.services.cache_service", "message": "Redis connected: redis://localhost:6379/0"}
{"asctime": "2026-03-23 13:40:55,250", "level": "INFO", "logger": "main", "message": "VitaPulse AI v1.0.0 started"}
{"asctime": "2026-03-23 13:40:55,250", "level": "INFO", "logger": "main", "message": "API docs: http://localhost:8000/docs"}
{"asctime": "2026-03-23 13:40:55,366", "level": "INFO", "logger": "app.services.reminder_worker", "message": "[ReminderWorker] Scheduler stopped."}
{"asctime": "2026-03-23 13:40:55,367", "level": "INFO", "logger": "main", "message": "VitaPulse AI shut down"}
{"asctime": "2026-03-23 13:40:57,205", "level": "DEBUG", "logger": "tzlocal", "message": "Looking up time zone info from registry"}
{"asctime": "2026-03-23 13:40:57,209", "level": "INFO", "logger": "app.services.reminder_worker", "message": "[ReminderWorker] APScheduler started (5-min reminders + 08:00 refill alerts)"}
{"asctime": "2026-03-23 13:40:57,209", "level": "WARNING", "logger": "app.services.notification_service", "message": "FIREBASE_CREDENTIALS_PATH not set \u2014 push notifications disabled."}
{"asctime": "2026-03-23 13:40:57,209", "level": "WARNING", "logger": "app.services.notification_service", "message": "ENCRYPTION_KEY not set \u2014 using derived key. Set ENCRYPTION_KEY in .env for production security."}
{"asctime": "2026-03-23 13:40:57,249", "level": "INFO", "logger": "app.services.cache_service", "message": "Redis connected: redis://localhost:6379/0"}
{"asctime": "2026-03-23 13:40:57,250", "level": "INFO", "logger": "main", "message": "VitaPulse AI v1.0.0 started"}
{"asctime": "2026-03-23 13:40:57,250", "level": "INFO", "logger": "main", "message": "API docs: http://localhost:8000/docs"}
{"asctime": "2026-03-23 13:40:57,388", "level": "INFO", "logger": "app.services.reminder_worker", "message": "[ReminderWorker] Scheduler stopped."}
{"asctime": "2026-03-23 13:40:57,418", "level": "INFO", "logger": "main", "message": "VitaPulse AI shut down"}
{"asctime": "2026-03-23 13:40:59,319", "level": "DEBUG", "logger": "tzlocal", "message": "Looking up time zone info from registry"}
{"asctime": "2026-03-23 13:40:59,323", "level": "INFO", "logger": "app.services.reminder_worker", "message": "[ReminderWorker] APScheduler started (5-min reminders + 08:00 refill alerts)"}
{"asctime": "2026-03-23 13:40:59,325", "level": "WARNING", "logger": "app.services.notification_service", "message": "FIREBASE_CREDENTIALS_PATH not set \u2014 push notifications disabled."}
{"asctime": "2026-03-23 13:40:59,325", "level": "WARNING", "logger": "app.services.notification_service", "message": "ENCRYPTION_KEY not set \u2014 using derived key. Set ENCRYPTION_KEY in .env for production security."}
{"asctime": "2026-03-23 13:40:59,374", "level": "INFO", "logger": "app.services.cache_service", "message": "Redis connected: redis://localhost:6379/0"}
{"asctime": "2026-03-23 13:40:59,375", "level": "INFO", "logger": "main", "message": "VitaPulse AI v1.0.0 started"}
{"asctime": "2026-03-23 13:40:59,375", "level": "INFO", "logger": "main", "message": "API docs: http://localhost:8000/docs"}
{"asctime": "2026-03-23 13:40:59,484", "level": "INFO", "logger": "app.services.reminder_worker", "message": "[ReminderWorker] Scheduler stopped."}
{"asctime": "2026-03-23 13:40:59,485", "level": "INFO", "logger": "main", "message": "VitaPulse AI shut down"}
{"asctime": "2026-03-23 13:41:01,347", "level": "DEBUG", "logger": "tzlocal", "message": "Looking up time zone info from registry"}
{"asctime": "2026-03-23 13:41:01,351", "level": "INFO", "logger": "app.services.reminder_worker", "message": "[ReminderWorker] APScheduler started (5-min reminders + 08:00 refill alerts)"}
{"asctime": "2026-03-23 13:41:01,351", "level": "WARNING", "logger": "app.services.notification_service", "message": "FIREBASE_CREDENTIALS_PATH not set \u2014 push notifications disabled."}
{"asctime": "2026-03-23 13:41:01,351", "level": "WARNING", "logger": "app.services.notification_service", "message": "ENCRYPTION_KEY not set \u2014 using derived key. Set ENCRYPTION_KEY in .env for production security."}
{"asctime": "2026-03-23 13:41:01,392", "level": "INFO", "logger": "app.services.cache_service", "message": "Redis connected: redis://localhost:6379/0"}
{"asctime": "2026-03-23 13:41:01,392", "level": "INFO", "logger": "main", "message": "VitaPulse AI v1.0.0 started"}
{"asctime": "2026-03-23 13:41:01,392", "level": "INFO", "logger": "main", "message": "API docs: http://localhost:8000/docs"}
{"asctime": "2026-03-23 13:41:01,516", "level": "INFO", "logger": "app.services.reminder_worker", "message": "[ReminderWorker] Scheduler stopped."}
{"asctime": "2026-03-23 13:41:01,517", "level": "INFO", "logger": "main", "message": "VitaPulse AI shut down"}
{"asctime": "2026-03-23 13:41:03,402", "level": "DEBUG", "logger": "tzlocal", "message": "Looking up time zone info from registry"}
{"asctime": "2026-03-23 13:41:03,407", "level": "INFO", "logger": "app.services.reminder_worker", "message": "[ReminderWorker] APScheduler started (5-min reminders + 08:00 refill alerts)"}
{"asctime": "2026-03-23 13:41:03,407", "level": "WARNING", "logger": "app.services.notification_service", "message": "FIREBASE_CREDENTIALS_PATH not set \u2014 push notifications disabled."}
{"asctime": "2026-03-23 13:41:03,408", "level": "WARNING", "logger": "app.services.notification_service", "message": "ENCRYPTION_KEY not set \u2014 using derived key. Set ENCRYPTION_KEY in .env for production security."}
{"asctime": "2026-03-23 13:41:03,453", "level": "INFO", "logger": "app.services.cache_service", "message": "Redis connected: redis://localhost:6379/0"}
{"asctime": "2026-03-23 13:41:03,453", "level": "INFO", "logger": "main", "message": "VitaPulse AI v1.0.0 started"}
{"asctime": "2026-03-23 13:41:03,453", "level": "INFO", "logger": "main", "message": "API docs: http://localhost:8000/docs"}
{"asctime": "2026-03-23 13:41:18,438", "level": "INFO", "logger": "app.services.reminder_worker", "message": "[ReminderWorker] Scheduler stopped."}
{"asctime": "2026-03-23 13:41:18,438", "level": "INFO", "logger": "main", "message": "VitaPulse AI shut down"}
{"asctime": "2026-03-23 13:41:20,372", "level": "DEBUG", "logger": "tzlocal", "message": "Looking up time zone info from registry"}
{"asctime": "2026-03-23 13:41:20,377", "level": "INFO", "logger": "app.services.reminder_worker", "message": "[ReminderWorker] APScheduler started (5-min reminders + 08:00 refill alerts)"}
{"asctime": "2026-03-23 13:41:20,378", "level": "WARNING", "logger": "app.services.notification_service", "message": "FIREBASE_CREDENTIALS_PATH not set \u2014 push notifications disabled."}
{"asctime": "2026-03-23 13:41:20,378", "level": "WARNING", "logger": "app.services.notification_service", "message": "ENCRYPTION_KEY not set \u2014 using derived key. Set ENCRYPTION_KEY in .env for production security."}
{"asctime": "2026-03-23 13:41:20,448", "level": "INFO", "logger": "app.services.cache_service", "message": "Redis connected: redis://localhost:6379/0"}
{"asctime": "2026-03-23 13:41:20,450", "level": "INFO", "logger": "main", "message": "VitaPulse AI v1.0.0 started"}
{"asctime": "2026-03-23 13:41:20,451", "level": "INFO", "logger": "main", "message": "API docs: http://localhost:8000/docs"}
{"asctime": "2026-03-23 13:41:26,785", "level": "INFO", "logger": "app.services.reminder_worker", "message": "[ReminderWorker] Scheduler stopped."}
{"asctime": "2026-03-23 13:41:26,785", "level": "INFO", "logger": "main", "message": "VitaPulse AI shut down"}
{"asctime": "2026-03-23 13:41:28,796", "level": "DEBUG", "logger": "tzlocal", "message": "Looking up time zone info from registry"}
{"asctime": "2026-03-23 13:41:28,801", "level": "INFO", "logger": "app.services.reminder_worker", "message": "[ReminderWorker] APScheduler started (5-min reminders + 08:00 refill alerts)"}
{"asctime": "2026-03-23 13:41:28,801", "level": "WARNING", "logger": "app.services.notification_service", "message": "FIREBASE_CREDENTIALS_PATH not set \u2014 push notifications disabled."}
{"asctime": "2026-03-23 13:41:28,802", "level": "WARNING", "logger": "app.services.notification_service", "message": "ENCRYPTION_KEY not set \u2014 using derived key. Set ENCRYPTION_KEY in .env for production security."}
{"asctime": "2026-03-23 13:41:28,848", "level": "INFO", "logger": "app.services.cache_service", "message": "Redis connected: redis://localhost:6379/0"}
{"asctime": "2026-03-23 13:41:28,849", "level": "INFO", "logger": "main", "message": "VitaPulse AI v1.0.0 started"}
{"asctime": "2026-03-23 13:41:28,849", "level": "INFO", "logger": "main", "message": "API docs: http://localhost:8000/docs"}
{"asctime": "2026-03-23 13:41:31,141", "level": "INFO", "logger": "app.services.reminder_worker", "message": "[ReminderWorker] Scheduler stopped."}
{"asctime": "2026-03-23 13:41:31,145", "level": "INFO", "logger": "main", "message": "VitaPulse AI shut down"}
{"asctime": "2026-03-23 13:41:33,240", "level": "DEBUG", "logger": "tzlocal", "message": "Looking up time zone info from registry"}
{"asctime": "2026-03-23 13:41:33,245", "level": "INFO", "logger": "app.services.reminder_worker", "message": "[ReminderWorker] APScheduler started (5-min reminders + 08:00 refill alerts)"}
{"asctime": "2026-03-23 13:41:33,245", "level": "WARNING", "logger": "app.services.notification_service", "message": "FIREBASE_CREDENTIALS_PATH not set \u2014 push notifications disabled."}
{"asctime": "2026-03-23 13:41:33,245", "level": "WARNING", "logger": "app.services.notification_service", "message": "ENCRYPTION_KEY not set \u2014 using derived key. Set ENCRYPTION_KEY in .env for production security."}
{"asctime": "2026-03-23 13:41:33,286", "level": "INFO", "logger": "app.services.cache_service", "message": "Redis connected: redis://localhost:6379/0"}
{"asctime": "2026-03-23 13:41:33,287", "level": "INFO", "logger": "main", "message": "VitaPulse AI v1.0.0 started"}
{"asctime": "2026-03-23 13:41:33,287", "level": "INFO", "logger": "main", "message": "API docs: http://localhost:8000/docs"}
{"asctime": "2026-03-23 13:41:36,896", "level": "INFO", "logger": "app.services.reminder_worker", "message": "[ReminderWorker] Scheduler stopped."}
{"asctime": "2026-03-23 13:41:36,897", "level": "INFO", "logger": "main", "message": "VitaPulse AI shut down"}
{"asctime": "2026-03-23 13:41:39,021", "level": "DEBUG", "logger": "tzlocal", "message": "Looking up time zone info from registry"}
{"asctime": "2026-03-23 13:41:39,024", "level": "INFO", "logger": "app.services.reminder_worker", "message": "[ReminderWorker] APScheduler started (5-min reminders + 08:00 refill alerts)"}
{"asctime": "2026-03-23 13:41:39,024", "level": "WARNING", "logger": "app.services.notification_service", "message": "FIREBASE_CREDENTIALS_PATH not set \u2014 push notifications disabled."}
{"asctime": "2026-03-23 13:41:39,025", "level": "WARNING", "logger": "app.services.notification_service", "message": "ENCRYPTION_KEY not set \u2014 using derived key. Set ENCRYPTION_KEY in .env for production security."}
{"asctime": "2026-03-23 13:41:39,065", "level": "INFO", "logger": "app.services.cache_service", "message": "Redis connected: redis://localhost:6379/0"}
{"asctime": "2026-03-23 13:41:39,065", "level": "INFO", "logger": "main", "message": "VitaPulse AI v1.0.0 started"}
{"asctime": "2026-03-23 13:41:39,066", "level": "INFO", "logger": "main", "message": "API docs: http://localhost:8000/docs"}
{"asctime": "2026-03-23 13:41:42,336", "level": "INFO", "logger": "app.services.reminder_worker", "message": "[ReminderWorker] Scheduler stopped."}
{"asctime": "2026-03-23 13:41:42,337", "level": "INFO", "logger": "main", "message": "VitaPulse AI shut down"}
{"asctime": "2026-03-23 13:41:44,438", "level": "DEBUG", "logger": "tzlocal", "message": "Looking up time zone info from registry"}
{"asctime": "2026-03-23 13:41:44,444", "level": "INFO", "logger": "app.services.reminder_worker", "message": "[ReminderWorker] APScheduler started (5-min reminders + 08:00 refill alerts)"}
{"asctime": "2026-03-23 13:41:44,445", "level": "WARNING", "logger": "app.services.notification_service", "message": "FIREBASE_CREDENTIALS_PATH not set \u2014 push notifications disabled."}
{"asctime": "2026-03-23 13:41:44,445", "level": "WARNING", "logger": "app.services.notification_service", "message": "ENCRYPTION_KEY not set \u2014 using derived key. Set ENCRYPTION_KEY in .env for production security."}
{"asctime": "2026-03-23 13:41:44,494", "level": "INFO", "logger": "app.services.cache_service", "message": "Redis connected: redis://localhost:6379/0"}
{"asctime": "2026-03-23 13:41:44,494", "level": "INFO", "logger": "main", "message": "VitaPulse AI v1.0.0 started"}
{"asctime": "2026-03-23 13:41:44,494", "level": "INFO", "logger": "main", "message": "API docs: http://localhost:8000/docs"}
{"asctime": "2026-03-23 13:41:46,128", "level": "INFO", "logger": "app.services.reminder_worker", "message": "[ReminderWorker] Scheduler stopped."}
{"asctime": "2026-03-23 13:41:46,129", "level": "INFO", "logger": "main", "message": "VitaPulse AI shut down"}
{"asctime": "2026-03-23 13:41:48,117", "level": "DEBUG", "logger": "tzlocal", "message": "Looking up time zone info from registry"}
{"asctime": "2026-03-23 13:41:48,121", "level": "INFO", "logger": "app.services.reminder_worker", "message": "[ReminderWorker] APScheduler started (5-min reminders + 08:00 refill alerts)"}
{"asctime": "2026-03-23 13:41:48,122", "level": "WARNING", "logger": "app.services.notification_service", "message": "FIREBASE_CREDENTIALS_PATH not set \u2014 push notifications disabled."}
{"asctime": "2026-03-23 13:41:48,122", "level": "WARNING", "logger": "app.services.notification_service", "message": "ENCRYPTION_KEY not set \u2014 using derived key. Set ENCRYPTION_KEY in .env for production security."}
{"asctime": "2026-03-23 13:41:48,160", "level": "INFO", "logger": "app.services.cache_service", "message": "Redis connected: redis://localhost:6379/0"}
{"asctime": "2026-03-23 13:41:48,161", "level": "INFO", "logger": "main", "message": "VitaPulse AI v1.0.0 started"}
{"asctime": "2026-03-23 13:41:48,162", "level": "INFO", "logger": "main", "message": "API docs: http://localhost:8000/docs"}
{"asctime": "2026-03-23 13:41:54,940", "level": "INFO", "logger": "app.services.reminder_worker", "message": "[ReminderWorker] Scheduler stopped."}
{"asctime": "2026-03-23 13:41:54,941", "level": "INFO", "logger": "main", "message": "VitaPulse AI shut down"}
{"asctime": "2026-03-23 13:41:56,904", "level": "DEBUG", "logger": "tzlocal", "message": "Looking up time zone info from registry"}
{"asctime": "2026-03-23 13:41:56,907", "level": "INFO", "logger": "app.services.reminder_worker", "message": "[ReminderWorker] APScheduler started (5-min reminders + 08:00 refill alerts)"}
{"asctime": "2026-03-23 13:41:56,908", "level": "WARNING", "logger": "app.services.notification_service", "message": "FIREBASE_CREDENTIALS_PATH not set \u2014 push notifications disabled."}
{"asctime": "2026-03-23 13:41:56,908", "level": "WARNING", "logger": "app.services.notification_service", "message": "ENCRYPTION_KEY not set \u2014 using derived key. Set ENCRYPTION_KEY in .env for production security."}
{"asctime": "2026-03-23 13:41:56,945", "level": "INFO", "logger": "app.services.cache_service", "message": "Redis connected: redis://localhost:6379/0"}
{"asctime": "2026-03-23 13:41:56,945", "level": "INFO", "logger": "main", "message": "VitaPulse AI v1.0.0 started"}
{"asctime": "2026-03-23 13:41:56,945", "level": "INFO", "logger": "main", "message": "API docs: http://localhost:8000/docs"}
{"asctime": "2026-03-23 13:44:33,344", "level": "DEBUG", "logger": "tzlocal", "message": "Looking up time zone info from registry"}
{"asctime": "2026-03-23 13:44:33,361", "level": "INFO", "logger": "app.services.reminder_worker", "message": "[ReminderWorker] APScheduler started (5-min reminders + 08:00 refill alerts)"}
{"asctime": "2026-03-23 13:44:33,361", "level": "WARNING", "logger": "app.services.notification_service", "message": "FIREBASE_CREDENTIALS_PATH not set \u2014 push notifications disabled."}
{"asctime": "2026-03-23 13:44:33,361", "level": "WARNING", "logger": "app.services.notification_service", "message": "ENCRYPTION_KEY not set \u2014 using derived key. Set ENCRYPTION_KEY in .env for production security."}
{"asctime": "2026-03-23 13:44:33,446", "level": "INFO", "logger": "app.services.cache_service", "message": "Redis connected: redis://localhost:6379/0"}
{"asctime": "2026-03-23 13:44:33,446", "level": "INFO", "logger": "main", "message": "VitaPulse AI v1.0.0 started"}
{"asctime": "2026-03-23 13:44:33,447", "level": "INFO", "logger": "main", "message": "API docs: http://localhost:8000/docs"}
{"asctime": "2026-03-23 13:45:26,193", "level": "INFO", "logger": "app.api.routes.auth", "message": "OTP email sent to test*** on attempt 1"}
{"asctime": "2026-03-23 13:45:26,194", "level": "INFO", "logger": "app.api.routes.auth", "message": "[DEV OTP] test*** \u2192 58** (expires 2026-03-23 08:25:21.695640+00:00)"}
{"asctime": "2026-03-23 13:45:26,240", "level": "INFO", "logger": "vitapulse.http", "message": "HTTP POST /api/v1/auth/send-otp \u2192 200 (4547.4 ms)", "method": "POST", "path": "/api/v1/auth/send-otp", "status_code": 200, "duration_ms": 4547.4, "user_id": null}
{"asctime": "2026-03-23 13:49:33,451", "level": "INFO", "logger": "app.services.reminder_worker", "message": "[ReminderWorker] Checking reminders at 08:19 \u2014 0 due"}
{"asctime": "2026-03-23 13:54:33,363", "level": "INFO", "logger": "app.services.reminder_worker", "message": "[ReminderWorker] Checking reminders at 08:24 \u2014 0 due"}
{"asctime": "2026-03-23 13:59:33,373", "level": "INFO", "logger": "app.services.reminder_worker", "message": "[ReminderWorker] Checking reminders at 08:29 \u2014 0 due"}
{"asctime": "2026-03-23 14:04:33,421", "level": "INFO", "logger": "app.services.reminder_worker", "message": "[ReminderWorker] Checking reminders at 08:34 \u2014 0 due"}
{"asctime": "2026-03-23 14:09:33,393", "level": "INFO", "logger": "app.services.reminder_worker", "message": "[ReminderWorker] Checking reminders at 08:39 \u2014 0 due"}
{"asctime": "2026-03-23 14:14:33,381", "level": "INFO", "logger": "app.services.reminder_worker", "message": "[ReminderWorker] Checking reminders at 08:44 \u2014 0 due"}
{"asctime": "2026-03-23 14:19:33,379", "level": "INFO", "logger": "app.services.reminder_worker", "message": "[ReminderWorker] Checking reminders at 08:49 \u2014 0 due"}
{"asctime": "2026-03-23 14:24:33,376", "level": "INFO", "logger": "app.services.reminder_worker", "message": "[ReminderWorker] Checking reminders at 08:54 \u2014 0 due"}
{"asctime": "2026-03-23 14:37:47,201", "level": "WARNING", "logger": "apscheduler.executors.default", "message": "Run time of job \"_dispatch_reminders (trigger: interval[0:05:00], next run at: 2026-03-23 14:39:33 IST)\" was missed by 0:03:13.846926"}
{"asctime": "2026-03-23 14:39:33,368", "level": "INFO", "logger": "app.services.reminder_worker", "message": "[ReminderWorker] Checking reminders at 09:09 \u2014 0 due"}
{"asctime": "2026-03-23 14:44:33,374", "level": "INFO", "logger": "app.services.reminder_worker", "message": "[ReminderWorker] Checking reminders at 09:14 \u2014 0 due"}
{"asctime": "2026-03-23 14:49:33,369", "level": "INFO", "logger": "app.services.reminder_worker", "message": "[ReminderWorker] Checking reminders at 09:19 \u2014 0 due"}
{"asctime": "2026-03-23 14:54:33,367", "level": "INFO", "logger": "app.services.reminder_worker", "message": "[ReminderWorker] Checking reminders at 09:24 \u2014 0 due"}
{"asctime": "2026-03-23 14:59:33,373", "level": "INFO", "logger": "app.services.reminder_worker", "message": "[ReminderWorker] Checking reminders at 09:29 \u2014 0 due"}
{"asctime": "2026-03-23 15:04:33,383", "level": "INFO", "logger": "app.services.reminder_worker", "message": "[ReminderWorker] Checking reminders at 09:34 \u2014 0 due"}
{"asctime": "2026-03-23 15:09:33,386", "level": "INFO", "logger": "app.services.reminder_worker", "message": "[ReminderWorker] Checking reminders at 09:39 \u2014 0 due"}
{"asctime": "2026-03-23 15:14:33,384", "level": "INFO", "logger": "app.services.reminder_worker", "message": "[ReminderWorker] Checking reminders at 09:44 \u2014 0 due"}
{"asctime": "2026-03-23 15:19:33,380", "level": "INFO", "logger": "app.services.reminder_worker", "message": "[ReminderWorker] Checking reminders at 09:49 \u2014 0 due"}
{"asctime": "2026-03-23 15:24:33,368", "level": "INFO", "logger": "app.services.reminder_worker", "message": "[ReminderWorker] Checking reminders at 09:54 \u2014 0 due"}
{"asctime": "2026-03-23 15:29:33,373", "level": "INFO", "logger": "app.services.reminder_worker", "message": "[ReminderWorker] Checking reminders at 09:59 \u2014 1 due"}
{"asctime": "2026-03-23 15:29:34,919", "level": "INFO", "logger": "app.services.notification_service", "message": "FIREBASE_CREDENTIALS_PATH not set \u2014 push notifications disabled."}
{"asctime": "2026-03-23 15:29:34,920", "level": "INFO", "logger": "app.services.notification_service", "message": "[PUSH NOTIFICATION - dev mode]\n  token: dev_fcm_token_aiden_...\n  title: Medication Reminder\n  body: Time to take Atorvastatin 40mg\nTake at bedtime. Avoid grapefruit juice."}
{"asctime": "2026-03-23 15:29:34,920", "level": "DEBUG", "logger": "app.services.reminder_worker", "message": "  \u2713 Sent reminder for Atorvastatin to user 1"}
{"asctime": "2026-03-23 15:34:33,365", "level": "INFO", "logger": "app.services.reminder_worker", "message": "[ReminderWorker] Checking reminders at 10:04 \u2014 1 due"}
{"asctime": "2026-03-23 15:34:33,366", "level": "INFO", "logger": "app.services.notification_service", "message": "FIREBASE_CREDENTIALS_PATH not set \u2014 push notifications disabled."}
{"asctime": "2026-03-23 15:34:33,366", "level": "INFO", "logger": "app.services.notification_service", "message": "[PUSH NOTIFICATION - dev mode]\n  token: dev_fcm_token_aiden_...\n  title: Medication Reminder\n  body: Time to take Atorvastatin 40mg\nTake at bedtime. Avoid grapefruit juice."}
{"asctime": "2026-03-23 15:34:33,367", "level": "DEBUG", "logger": "app.services.reminder_worker", "message": "  \u2713 Sent reminder for Atorvastatin to user 1"}
{"asctime": "2026-03-23 15:39:33,370", "level": "INFO", "logger": "app.services.reminder_worker", "message": "[ReminderWorker] Checking reminders at 10:09 \u2014 0 due"}
{"asctime": "2026-03-23 15:44:33,370", "level": "INFO", "logger": "app.services.reminder_worker", "message": "[ReminderWorker] Checking reminders at 10:14 \u2014 0 due"}
{"asctime": "2026-03-23 15:56:10,500", "level": "WARNING", "logger": "apscheduler.executors.default", "message": "Run time of job \"_dispatch_reminders (trigger: interval[0:05:00], next run at: 2026-03-23 15:59:33 IST)\" was missed by 0:01:37.146237"}
{"asctime": "2026-03-23 15:59:33,369", "level": "INFO", "logger": "app.services.reminder_worker", "message": "[ReminderWorker] Checking reminders at 10:29 \u2014 0 due"}
{"asctime": "2026-03-23 16:04:33,374", "level": "INFO", "logger": "app.services.reminder_worker", "message": "[ReminderWorker] Checking reminders at 10:34 \u2014 0 due"}
{"asctime": "2026-03-23 16:09:33,379", "level": "INFO", "logger": "app.services.reminder_worker", "message": "[ReminderWorker] Checking reminders at 10:39 \u2014 0 due"}
{"asctime": "2026-03-23 16:14:33,362", "level": "INFO", "logger": "app.services.reminder_worker", "message": "[ReminderWorker] Checking reminders at 10:44 \u2014 0 due"}
{"asctime": "2026-03-23 16:19:33,376", "level": "INFO", "logger": "app.services.reminder_worker", "message": "[ReminderWorker] Checking reminders at 10:49 \u2014 0 due"}
{"asctime": "2026-03-23 16:24:33,376", "level": "INFO", "logger": "app.services.reminder_worker", "message": "[ReminderWorker] Checking reminders at 10:54 \u2014 0 due"}
{"asctime": "2026-03-23 16:32:40,885", "level": "DEBUG", "logger": "tzlocal", "message": "Looking up time zone info from registry"}
{"asctime": "2026-03-23 16:32:40,907", "level": "INFO", "logger": "app.services.reminder_worker", "message": "[ReminderWorker] APScheduler started (5-min reminders + 08:00 refill alerts)"}
{"asctime": "2026-03-23 16:32:40,908", "level": "INFO", "logger": "main", "message": "Weekly log cleanup scheduler started (runs every Saturday 00:05 AEDT)"}
{"asctime": "2026-03-23 16:32:40,908", "level": "WARNING", "logger": "app.services.notification_service", "message": "FIREBASE_CREDENTIALS_PATH not set \u2014 push notifications disabled."}
{"asctime": "2026-03-23 16:32:40,909", "level": "WARNING", "logger": "app.services.notification_service", "message": "ENCRYPTION_KEY not set \u2014 using derived key. Set ENCRYPTION_KEY in .env for production security."}
{"asctime": "2026-03-23 16:32:41,032", "level": "INFO", "logger": "app.services.cache_service", "message": "Redis connected: redis://localhost:6379/0"}
{"asctime": "2026-03-23 16:32:41,032", "level": "INFO", "logger": "main", "message": "VitaPulse AI v1.0.0 started"}
{"asctime": "2026-03-23 16:32:41,032", "level": "INFO", "logger": "main", "message": "API docs: http://localhost:8000/docs"}
{"asctime": "2026-03-23 16:33:07,256", "level": "DEBUG", "logger": "tzlocal", "message": "Looking up time zone info from registry"}
{"asctime": "2026-03-23 16:33:07,263", "level": "INFO", "logger": "app.services.reminder_worker", "message": "[ReminderWorker] APScheduler started (5-min reminders + 08:00 refill alerts)"}
{"asctime": "2026-03-23 16:33:07,263", "level": "INFO", "logger": "main", "message": "Weekly log cleanup scheduler started (runs every Saturday 00:05 AEDT)"}
{"asctime": "2026-03-23 16:33:07,264", "level": "WARNING", "logger": "app.services.notification_service", "message": "FIREBASE_CREDENTIALS_PATH not set \u2014 push notifications disabled."}
{"asctime": "2026-03-23 16:33:07,264", "level": "WARNING", "logger": "app.services.notification_service", "message": "ENCRYPTION_KEY not set \u2014 using derived key. Set ENCRYPTION_KEY in .env for production security."}
{"asctime": "2026-03-23 16:33:07,306", "level": "INFO", "logger": "app.services.cache_service", "message": "Redis connected: redis://localhost:6379/0"}
{"asctime": "2026-03-23 16:33:07,306", "level": "INFO", "logger": "main", "message": "VitaPulse AI v1.0.0 started"}
{"asctime": "2026-03-23 16:33:07,306", "level": "INFO", "logger": "main", "message": "API docs: http://localhost:8000/docs"}
{"asctime": "2026-03-23 16:35:17,319", "level": "DEBUG", "logger": "tzlocal", "message": "Looking up time zone info from registry"}
{"asctime": "2026-03-23 16:35:17,325", "level": "INFO", "logger": "app.services.reminder_worker", "message": "[ReminderWorker] APScheduler started (5-min reminders + 08:00 refill alerts)"}
{"asctime": "2026-03-23 16:35:17,326", "level": "INFO", "logger": "main", "message": "Weekly log cleanup scheduler started (runs every Saturday 00:05 AEDT)"}
{"asctime": "2026-03-23 16:35:17,326", "level": "WARNING", "logger": "app.services.notification_service", "message": "FIREBASE_CREDENTIALS_PATH not set \u2014 push notifications disabled."}
{"asctime": "2026-03-23 16:35:17,326", "level": "WARNING", "logger": "app.services.notification_service", "message": "ENCRYPTION_KEY not set \u2014 using derived key. Set ENCRYPTION_KEY in .env for production security."}
{"asctime": "2026-03-23 16:35:17,424", "level": "INFO", "logger": "app.services.cache_service", "message": "Redis connected: redis://localhost:6379/0"}
{"asctime": "2026-03-23 16:35:17,424", "level": "INFO", "logger": "main", "message": "VitaPulse AI v1.0.0 started"}
{"asctime": "2026-03-23 16:35:17,424", "level": "INFO", "logger": "main", "message": "API docs: http://localhost:8000/docs"}
{"asctime": "2026-03-23 16:35:20,267", "level": "INFO", "logger": "app.services.reminder_worker", "message": "[ReminderWorker] Scheduler stopped."}
{"asctime": "2026-03-23 16:35:20,268", "level": "INFO", "logger": "main", "message": "VitaPulse AI shut down"}
